ARM GAS  /tmp/ccELzgGL.s 			page 1


   1              		.cpu cortex-m3
   2              		.arch armv7-m
   3              		.fpu softvfp
   4              		.eabi_attribute 20, 1
   5              		.eabi_attribute 21, 1
   6              		.eabi_attribute 23, 3
   7              		.eabi_attribute 24, 1
   8              		.eabi_attribute 25, 1
   9              		.eabi_attribute 26, 1
  10              		.eabi_attribute 30, 1
  11              		.eabi_attribute 34, 1
  12              		.eabi_attribute 18, 4
  13              		.file	"main.c"
  14              		.text
  15              	.Ltext0:
  16              		.cfi_sections	.debug_frame
  17              		.file 1 "Core/Src/main.c"
  18              		.section	.text.MX_GPIO_Init,"ax",%progbits
  19              		.align	1
  20              		.syntax unified
  21              		.thumb
  22              		.thumb_func
  24              	MX_GPIO_Init:
  25              	.LFB67:
   1:Core/Src/main.c **** /* USER CODE BEGIN Header */
   2:Core/Src/main.c **** /**
   3:Core/Src/main.c ****   ******************************************************************************
   4:Core/Src/main.c ****   * @file           : main.c
   5:Core/Src/main.c ****   * @brief          : Main program body
   6:Core/Src/main.c ****   ******************************************************************************
   7:Core/Src/main.c ****   * @attention
   8:Core/Src/main.c ****   *
   9:Core/Src/main.c ****   * Copyright (c) 2026 STMicroelectronics.
  10:Core/Src/main.c ****   * All rights reserved.
  11:Core/Src/main.c ****   *
  12:Core/Src/main.c ****   * This software is licensed under terms that can be found in the LICENSE file
  13:Core/Src/main.c ****   * in the root directory of this software component.
  14:Core/Src/main.c ****   * If no LICENSE file comes with this software, it is provided AS-IS.
  15:Core/Src/main.c ****   *
  16:Core/Src/main.c ****   ******************************************************************************
  17:Core/Src/main.c ****   */
  18:Core/Src/main.c **** /* USER CODE END Header */
  19:Core/Src/main.c **** /* Includes ------------------------------------------------------------------*/
  20:Core/Src/main.c **** #include "main.h"
  21:Core/Src/main.c **** 
  22:Core/Src/main.c **** /* Private includes ----------------------------------------------------------*/
  23:Core/Src/main.c **** /* USER CODE BEGIN Includes */
  24:Core/Src/main.c **** #include "stm32f1xx_it.h"
  25:Core/Src/main.c **** /* USER CODE END Includes */
  26:Core/Src/main.c **** 
  27:Core/Src/main.c **** /* Private typedef -----------------------------------------------------------*/
  28:Core/Src/main.c **** /* USER CODE BEGIN PTD */
  29:Core/Src/main.c **** 
  30:Core/Src/main.c **** /* USER CODE END PTD */
  31:Core/Src/main.c **** 
  32:Core/Src/main.c **** /* Private define ------------------------------------------------------------*/
  33:Core/Src/main.c **** /* USER CODE BEGIN PD */
ARM GAS  /tmp/ccELzgGL.s 			page 2


  34:Core/Src/main.c **** #define CLK_SPEED 16000000UL
  35:Core/Src/main.c **** /* USER CODE END PD */
  36:Core/Src/main.c **** 
  37:Core/Src/main.c **** /* Private macro -------------------------------------------------------------*/
  38:Core/Src/main.c **** /* USER CODE BEGIN PM */
  39:Core/Src/main.c **** 
  40:Core/Src/main.c **** /* USER CODE END PM */
  41:Core/Src/main.c **** 
  42:Core/Src/main.c **** /* Private variables ---------------------------------------------------------*/
  43:Core/Src/main.c **** 
  44:Core/Src/main.c **** /* USER CODE BEGIN PV */
  45:Core/Src/main.c **** float debug_t = 0;
  46:Core/Src/main.c **** /* USER CODE END PV */
  47:Core/Src/main.c **** 
  48:Core/Src/main.c **** /* Private function prototypes -----------------------------------------------*/
  49:Core/Src/main.c **** void SystemClock_Config(void);
  50:Core/Src/main.c **** static void MX_GPIO_Init(void);
  51:Core/Src/main.c **** /* USER CODE BEGIN PFP */
  52:Core/Src/main.c **** double getLastResetTime(void);
  53:Core/Src/main.c **** void DWT_Init(void);
  54:Core/Src/main.c **** /* USER CODE END PFP */
  55:Core/Src/main.c **** 
  56:Core/Src/main.c **** /* Private user code ---------------------------------------------------------*/
  57:Core/Src/main.c **** /* USER CODE BEGIN 0 */
  58:Core/Src/main.c **** 
  59:Core/Src/main.c **** /* USER CODE END 0 */
  60:Core/Src/main.c **** 
  61:Core/Src/main.c **** /**
  62:Core/Src/main.c ****   * @brief  The application entry point.
  63:Core/Src/main.c ****   * @retval int
  64:Core/Src/main.c ****   */
  65:Core/Src/main.c **** int main(void)
  66:Core/Src/main.c **** {
  67:Core/Src/main.c **** 
  68:Core/Src/main.c ****   /* USER CODE BEGIN 1 */
  69:Core/Src/main.c ****   DWT_Init();
  70:Core/Src/main.c ****   /* USER CODE END 1 */
  71:Core/Src/main.c **** 
  72:Core/Src/main.c ****   /* MCU Configuration--------------------------------------------------------*/
  73:Core/Src/main.c **** 
  74:Core/Src/main.c ****   /* Reset of all peripherals, Initializes the Flash interface and the Systick. */
  75:Core/Src/main.c ****   HAL_Init();
  76:Core/Src/main.c **** 
  77:Core/Src/main.c ****   /* USER CODE BEGIN Init */
  78:Core/Src/main.c **** 
  79:Core/Src/main.c ****   /* USER CODE END Init */
  80:Core/Src/main.c **** 
  81:Core/Src/main.c ****   /* Configure the system clock */
  82:Core/Src/main.c ****   SystemClock_Config();
  83:Core/Src/main.c **** 
  84:Core/Src/main.c ****   /* USER CODE BEGIN SysInit */
  85:Core/Src/main.c **** 
  86:Core/Src/main.c ****   /* USER CODE END SysInit */
  87:Core/Src/main.c **** 
  88:Core/Src/main.c ****   /* Initialize all configured peripherals */
  89:Core/Src/main.c ****   MX_GPIO_Init();
  90:Core/Src/main.c ****   /* USER CODE BEGIN 2 */
ARM GAS  /tmp/ccELzgGL.s 			page 3


  91:Core/Src/main.c **** 
  92:Core/Src/main.c ****   /* USER CODE END 2 */
  93:Core/Src/main.c **** 
  94:Core/Src/main.c ****   /* Infinite loop */
  95:Core/Src/main.c ****   /* USER CODE BEGIN WHILE */
  96:Core/Src/main.c ****   while (1)
  97:Core/Src/main.c ****   {
  98:Core/Src/main.c ****     /* USER CODE END WHILE */
  99:Core/Src/main.c ****     debug_t = getLastResetTime();
 100:Core/Src/main.c ****     /* USER CODE BEGIN 3 */
 101:Core/Src/main.c ****   }
 102:Core/Src/main.c ****   /* USER CODE END 3 */
 103:Core/Src/main.c **** }
 104:Core/Src/main.c **** 
 105:Core/Src/main.c **** /**
 106:Core/Src/main.c ****   * @brief System Clock Configuration
 107:Core/Src/main.c ****   * @retval None
 108:Core/Src/main.c ****   */
 109:Core/Src/main.c **** void SystemClock_Config(void)
 110:Core/Src/main.c **** {
 111:Core/Src/main.c ****   RCC_OscInitTypeDef RCC_OscInitStruct = {0};
 112:Core/Src/main.c ****   RCC_ClkInitTypeDef RCC_ClkInitStruct = {0};
 113:Core/Src/main.c **** 
 114:Core/Src/main.c ****   /** Initializes the RCC Oscillators according to the specified parameters
 115:Core/Src/main.c ****   * in the RCC_OscInitTypeDef structure.
 116:Core/Src/main.c ****   */
 117:Core/Src/main.c ****   RCC_OscInitStruct.OscillatorType = RCC_OSCILLATORTYPE_HSI;
 118:Core/Src/main.c ****   RCC_OscInitStruct.HSIState = RCC_HSI_ON;
 119:Core/Src/main.c ****   RCC_OscInitStruct.HSICalibrationValue = RCC_HSICALIBRATION_DEFAULT;
 120:Core/Src/main.c ****   RCC_OscInitStruct.PLL.PLLState = RCC_PLL_ON;
 121:Core/Src/main.c ****   RCC_OscInitStruct.PLL.PLLSource = RCC_PLLSOURCE_HSI_DIV2;
 122:Core/Src/main.c ****   RCC_OscInitStruct.PLL.PLLMUL = RCC_PLL_MUL4;
 123:Core/Src/main.c ****   if (HAL_RCC_OscConfig(&RCC_OscInitStruct) != HAL_OK)
 124:Core/Src/main.c ****   {
 125:Core/Src/main.c ****     Error_Handler();
 126:Core/Src/main.c ****   }
 127:Core/Src/main.c **** 
 128:Core/Src/main.c ****   /** Initializes the CPU, AHB and APB buses clocks
 129:Core/Src/main.c ****   */
 130:Core/Src/main.c ****   RCC_ClkInitStruct.ClockType = RCC_CLOCKTYPE_HCLK|RCC_CLOCKTYPE_SYSCLK
 131:Core/Src/main.c ****                               |RCC_CLOCKTYPE_PCLK1|RCC_CLOCKTYPE_PCLK2;
 132:Core/Src/main.c ****   RCC_ClkInitStruct.SYSCLKSource = RCC_SYSCLKSOURCE_PLLCLK;
 133:Core/Src/main.c ****   RCC_ClkInitStruct.AHBCLKDivider = RCC_SYSCLK_DIV1;
 134:Core/Src/main.c ****   RCC_ClkInitStruct.APB1CLKDivider = RCC_HCLK_DIV1;
 135:Core/Src/main.c ****   RCC_ClkInitStruct.APB2CLKDivider = RCC_HCLK_DIV1;
 136:Core/Src/main.c **** 
 137:Core/Src/main.c ****   if (HAL_RCC_ClockConfig(&RCC_ClkInitStruct, FLASH_LATENCY_0) != HAL_OK)
 138:Core/Src/main.c ****   {
 139:Core/Src/main.c ****     Error_Handler();
 140:Core/Src/main.c ****   }
 141:Core/Src/main.c **** }
 142:Core/Src/main.c **** 
 143:Core/Src/main.c **** /**
 144:Core/Src/main.c ****   * @brief GPIO Initialization Function
 145:Core/Src/main.c ****   * @param None
 146:Core/Src/main.c ****   * @retval None
 147:Core/Src/main.c ****   */
ARM GAS  /tmp/ccELzgGL.s 			page 4


 148:Core/Src/main.c **** static void MX_GPIO_Init(void)
 149:Core/Src/main.c **** {
  26              		.loc 1 149 1 view -0
  27              		.cfi_startproc
  28              		@ args = 0, pretend = 0, frame = 8
  29              		@ frame_needed = 0, uses_anonymous_args = 0
  30              		@ link register save eliminated.
  31 0000 82B0     		sub	sp, sp, #8
  32              	.LCFI0:
  33              		.cfi_def_cfa_offset 8
 150:Core/Src/main.c ****   /* USER CODE BEGIN MX_GPIO_Init_1 */
 151:Core/Src/main.c **** 
 152:Core/Src/main.c ****   /* USER CODE END MX_GPIO_Init_1 */
 153:Core/Src/main.c **** 
 154:Core/Src/main.c ****   /* GPIO Ports Clock Enable */
 155:Core/Src/main.c ****   __HAL_RCC_GPIOA_CLK_ENABLE();
  34              		.loc 1 155 3 view .LVU1
  35              	.LBB4:
  36              		.loc 1 155 3 view .LVU2
  37              		.loc 1 155 3 view .LVU3
  38 0002 064B     		ldr	r3, .L3
  39 0004 9A69     		ldr	r2, [r3, #24]
  40 0006 42F00402 		orr	r2, r2, #4
  41 000a 9A61     		str	r2, [r3, #24]
  42              		.loc 1 155 3 view .LVU4
  43 000c 9B69     		ldr	r3, [r3, #24]
  44 000e 03F00403 		and	r3, r3, #4
  45 0012 0193     		str	r3, [sp, #4]
  46              		.loc 1 155 3 view .LVU5
  47 0014 019B     		ldr	r3, [sp, #4]
  48              	.LBE4:
  49              		.loc 1 155 3 view .LVU6
 156:Core/Src/main.c **** 
 157:Core/Src/main.c ****   /* USER CODE BEGIN MX_GPIO_Init_2 */
 158:Core/Src/main.c **** 
 159:Core/Src/main.c ****   /* USER CODE END MX_GPIO_Init_2 */
 160:Core/Src/main.c **** }
  50              		.loc 1 160 1 is_stmt 0 view .LVU7
  51 0016 02B0     		add	sp, sp, #8
  52              	.LCFI1:
  53              		.cfi_def_cfa_offset 0
  54              		@ sp needed
  55 0018 7047     		bx	lr
  56              	.L4:
  57 001a 00BF     		.align	2
  58              	.L3:
  59 001c 00100240 		.word	1073876992
  60              		.cfi_endproc
  61              	.LFE67:
  63              		.section	.text.DWT_Init,"ax",%progbits
  64              		.align	1
  65              		.global	DWT_Init
  66              		.syntax unified
  67              		.thumb
  68              		.thumb_func
  70              	DWT_Init:
  71              	.LFB68:
ARM GAS  /tmp/ccELzgGL.s 			page 5


 161:Core/Src/main.c **** 
 162:Core/Src/main.c **** /* USER CODE BEGIN 4 */
 163:Core/Src/main.c **** 
 164:Core/Src/main.c **** void DWT_Init(void){
  72              		.loc 1 164 20 is_stmt 1 view -0
  73              		.cfi_startproc
  74              		@ args = 0, pretend = 0, frame = 0
  75              		@ frame_needed = 0, uses_anonymous_args = 0
  76              		@ link register save eliminated.
 165:Core/Src/main.c ****   CoreDebug->DEMCR |= CoreDebug_DEMCR_TRCENA_Msk;
  77              		.loc 1 165 3 view .LVU9
  78              		.loc 1 165 12 is_stmt 0 view .LVU10
  79 0000 074A     		ldr	r2, .L6
  80 0002 D2F8FC30 		ldr	r3, [r2, #252]
  81              		.loc 1 165 20 view .LVU11
  82 0006 43F08073 		orr	r3, r3, #16777216
  83 000a C2F8FC30 		str	r3, [r2, #252]
 166:Core/Src/main.c ****   DWT->CYCCNT = 0;
  84              		.loc 1 166 3 is_stmt 1 view .LVU12
  85              		.loc 1 166 15 is_stmt 0 view .LVU13
  86 000e 054B     		ldr	r3, .L6+4
  87 0010 0022     		movs	r2, #0
  88 0012 5A60     		str	r2, [r3, #4]
 167:Core/Src/main.c ****   DWT->CTRL |= DWT_CTRL_CYCCNTENA_Msk;
  89              		.loc 1 167 3 is_stmt 1 view .LVU14
  90              		.loc 1 167 6 is_stmt 0 view .LVU15
  91 0014 1A68     		ldr	r2, [r3]
  92              		.loc 1 167 13 view .LVU16
  93 0016 42F00102 		orr	r2, r2, #1
  94 001a 1A60     		str	r2, [r3]
 168:Core/Src/main.c **** }
  95              		.loc 1 168 1 view .LVU17
  96 001c 7047     		bx	lr
  97              	.L7:
  98 001e 00BF     		.align	2
  99              	.L6:
 100 0020 00ED00E0 		.word	-536810240
 101 0024 001000E0 		.word	-536866816
 102              		.cfi_endproc
 103              	.LFE68:
 105              		.global	__aeabi_ui2d
 106              		.global	__aeabi_ddiv
 107              		.section	.text.getLastResetTime,"ax",%progbits
 108              		.align	1
 109              		.global	getLastResetTime
 110              		.syntax unified
 111              		.thumb
 112              		.thumb_func
 114              	getLastResetTime:
 115              	.LFB69:
 169:Core/Src/main.c **** 
 170:Core/Src/main.c ****  double getLastResetTime(void) {
 116              		.loc 1 170 32 is_stmt 1 view -0
 117              		.cfi_startproc
 118              		@ args = 0, pretend = 0, frame = 0
 119              		@ frame_needed = 0, uses_anonymous_args = 0
 120 0000 08B5     		push	{r3, lr}
ARM GAS  /tmp/ccELzgGL.s 			page 6


 121              	.LCFI2:
 122              		.cfi_def_cfa_offset 8
 123              		.cfi_offset 3, -8
 124              		.cfi_offset 14, -4
 171:Core/Src/main.c ****   
 172:Core/Src/main.c ****   static unsigned int lastCYCCNT = 0;
 125              		.loc 1 172 3 view .LVU19
 173:Core/Src/main.c ****   static unsigned long totalCYCCNT = 0;
 126              		.loc 1 173 3 view .LVU20
 174:Core/Src/main.c **** 
 175:Core/Src/main.c ****   unsigned int currentCYCCNT = DWT -> CYCCNT;
 127              		.loc 1 175 3 view .LVU21
 128              		.loc 1 175 16 is_stmt 0 view .LVU22
 129 0002 0B4B     		ldr	r3, .L10+8
 130 0004 5A68     		ldr	r2, [r3, #4]
 131              	.LVL0:
 176:Core/Src/main.c ****   totalCYCCNT += (unsigned int)(currentCYCCNT - lastCYCCNT);
 132              		.loc 1 176 3 is_stmt 1 view .LVU23
 133              		.loc 1 176 18 is_stmt 0 view .LVU24
 134 0006 0B4B     		ldr	r3, .L10+12
 135 0008 1868     		ldr	r0, [r3]
 136 000a 101A     		subs	r0, r2, r0
 137              		.loc 1 176 15 view .LVU25
 138 000c 0A49     		ldr	r1, .L10+16
 139 000e D1F800C0 		ldr	ip, [r1]
 140 0012 6044     		add	r0, r0, ip
 141 0014 0860     		str	r0, [r1]
 177:Core/Src/main.c ****   lastCYCCNT = currentCYCCNT; 
 142              		.loc 1 177 3 is_stmt 1 view .LVU26
 143              		.loc 1 177 14 is_stmt 0 view .LVU27
 144 0016 1A60     		str	r2, [r3]
 178:Core/Src/main.c **** 
 179:Core/Src/main.c ****   double totalTime = (double)(totalCYCCNT) / (double)(CLK_SPEED);
 145              		.loc 1 179 3 is_stmt 1 view .LVU28
 146              		.loc 1 179 22 is_stmt 0 view .LVU29
 147 0018 FFF7FEFF 		bl	__aeabi_ui2d
 148              	.LVL1:
 149              		.loc 1 179 10 view .LVU30
 150 001c 02A3     		adr	r3, .L10
 151 001e D3E90023 		ldrd	r2, [r3]
 152 0022 FFF7FEFF 		bl	__aeabi_ddiv
 153              	.LVL2:
 180:Core/Src/main.c **** 
 181:Core/Src/main.c ****   return totalTime;
 154              		.loc 1 181 3 is_stmt 1 view .LVU31
 182:Core/Src/main.c **** 
 183:Core/Src/main.c **** 
 184:Core/Src/main.c **** 
 185:Core/Src/main.c **** 
 186:Core/Src/main.c **** 
 187:Core/Src/main.c ****   // unsigned int now_cycles = DWT->CYCCNT;
 188:Core/Src/main.c **** 
 189:Core/Src/main.c ****   // if(now_cycles < lastNow) {
 190:Core/Src/main.c ****   //   DWT_CYCCNT_Overflow++;
 191:Core/Src/main.c ****   // }
 192:Core/Src/main.c ****   
 193:Core/Src/main.c ****   // lastNow = now_cycles; 
ARM GAS  /tmp/ccELzgGL.s 			page 7


 194:Core/Src/main.c **** 
 195:Core/Src/main.c ****   // static float ONECYCLETIME = 268.435456f;
 196:Core/Src/main.c **** 
 197:Core/Src/main.c ****   // float overflowTime = DWT_CYCCNT_Overflow * ONECYCLETIME;
 198:Core/Src/main.c **** 
 199:Core/Src/main.c ****   // float lastTimeElapsed = (float)now_cycles / (float)CLK_SPEED;
 200:Core/Src/main.c **** 
 201:Core/Src/main.c ****   // float totalTimeElapsed = lastTimeElapsed + overflowTime;
 202:Core/Src/main.c **** 
 203:Core/Src/main.c ****   // return totalTimeElapsed;
 204:Core/Src/main.c ****   
 205:Core/Src/main.c **** }
 155              		.loc 1 205 1 is_stmt 0 view .LVU32
 156 0026 08BD     		pop	{r3, pc}
 157              	.L11:
 158              		.align	3
 159              	.L10:
 160 0028 00000000 		.word	0
 161 002c 80846E41 		.word	1097761920
 162 0030 001000E0 		.word	-536866816
 163 0034 00000000 		.word	lastCYCCNT.1
 164 0038 00000000 		.word	totalCYCCNT.0
 165              		.cfi_endproc
 166              	.LFE69:
 168              		.section	.text.Error_Handler,"ax",%progbits
 169              		.align	1
 170              		.global	Error_Handler
 171              		.syntax unified
 172              		.thumb
 173              		.thumb_func
 175              	Error_Handler:
 176              	.LFB70:
 206:Core/Src/main.c **** /* USER CODE END 4 */
 207:Core/Src/main.c **** 
 208:Core/Src/main.c **** /**
 209:Core/Src/main.c ****   * @brief  This function is executed in case of error occurrence.
 210:Core/Src/main.c ****   * @retval None
 211:Core/Src/main.c ****   */
 212:Core/Src/main.c **** void Error_Handler(void)
 213:Core/Src/main.c **** {
 177              		.loc 1 213 1 is_stmt 1 view -0
 178              		.cfi_startproc
 179              		@ Volatile: function does not return.
 180              		@ args = 0, pretend = 0, frame = 0
 181              		@ frame_needed = 0, uses_anonymous_args = 0
 182              		@ link register save eliminated.
 214:Core/Src/main.c ****   /* USER CODE BEGIN Error_Handler_Debug */
 215:Core/Src/main.c ****   /* User can add his own implementation to report the HAL error return state */
 216:Core/Src/main.c ****   __disable_irq();
 183              		.loc 1 216 3 view .LVU34
 184              	.LBB5:
 185              	.LBI5:
 186              		.file 2 "Drivers/CMSIS/Include/cmsis_gcc.h"
   1:Drivers/CMSIS/Include/cmsis_gcc.h **** /**************************************************************************//**
   2:Drivers/CMSIS/Include/cmsis_gcc.h ****  * @file     cmsis_gcc.h
   3:Drivers/CMSIS/Include/cmsis_gcc.h ****  * @brief    CMSIS compiler GCC header file
   4:Drivers/CMSIS/Include/cmsis_gcc.h ****  * @version  V5.0.4
ARM GAS  /tmp/ccELzgGL.s 			page 8


   5:Drivers/CMSIS/Include/cmsis_gcc.h ****  * @date     09. April 2018
   6:Drivers/CMSIS/Include/cmsis_gcc.h ****  ******************************************************************************/
   7:Drivers/CMSIS/Include/cmsis_gcc.h **** /*
   8:Drivers/CMSIS/Include/cmsis_gcc.h ****  * Copyright (c) 2009-2018 Arm Limited. All rights reserved.
   9:Drivers/CMSIS/Include/cmsis_gcc.h ****  *
  10:Drivers/CMSIS/Include/cmsis_gcc.h ****  * SPDX-License-Identifier: Apache-2.0
  11:Drivers/CMSIS/Include/cmsis_gcc.h ****  *
  12:Drivers/CMSIS/Include/cmsis_gcc.h ****  * Licensed under the Apache License, Version 2.0 (the License); you may
  13:Drivers/CMSIS/Include/cmsis_gcc.h ****  * not use this file except in compliance with the License.
  14:Drivers/CMSIS/Include/cmsis_gcc.h ****  * You may obtain a copy of the License at
  15:Drivers/CMSIS/Include/cmsis_gcc.h ****  *
  16:Drivers/CMSIS/Include/cmsis_gcc.h ****  * www.apache.org/licenses/LICENSE-2.0
  17:Drivers/CMSIS/Include/cmsis_gcc.h ****  *
  18:Drivers/CMSIS/Include/cmsis_gcc.h ****  * Unless required by applicable law or agreed to in writing, software
  19:Drivers/CMSIS/Include/cmsis_gcc.h ****  * distributed under the License is distributed on an AS IS BASIS, WITHOUT
  20:Drivers/CMSIS/Include/cmsis_gcc.h ****  * WARRANTIES OR CONDITIONS OF ANY KIND, either express or implied.
  21:Drivers/CMSIS/Include/cmsis_gcc.h ****  * See the License for the specific language governing permissions and
  22:Drivers/CMSIS/Include/cmsis_gcc.h ****  * limitations under the License.
  23:Drivers/CMSIS/Include/cmsis_gcc.h ****  */
  24:Drivers/CMSIS/Include/cmsis_gcc.h **** 
  25:Drivers/CMSIS/Include/cmsis_gcc.h **** #ifndef __CMSIS_GCC_H
  26:Drivers/CMSIS/Include/cmsis_gcc.h **** #define __CMSIS_GCC_H
  27:Drivers/CMSIS/Include/cmsis_gcc.h **** 
  28:Drivers/CMSIS/Include/cmsis_gcc.h **** /* ignore some GCC warnings */
  29:Drivers/CMSIS/Include/cmsis_gcc.h **** #pragma GCC diagnostic push
  30:Drivers/CMSIS/Include/cmsis_gcc.h **** #pragma GCC diagnostic ignored "-Wsign-conversion"
  31:Drivers/CMSIS/Include/cmsis_gcc.h **** #pragma GCC diagnostic ignored "-Wconversion"
  32:Drivers/CMSIS/Include/cmsis_gcc.h **** #pragma GCC diagnostic ignored "-Wunused-parameter"
  33:Drivers/CMSIS/Include/cmsis_gcc.h **** 
  34:Drivers/CMSIS/Include/cmsis_gcc.h **** /* Fallback for __has_builtin */
  35:Drivers/CMSIS/Include/cmsis_gcc.h **** #ifndef __has_builtin
  36:Drivers/CMSIS/Include/cmsis_gcc.h ****   #define __has_builtin(x) (0)
  37:Drivers/CMSIS/Include/cmsis_gcc.h **** #endif
  38:Drivers/CMSIS/Include/cmsis_gcc.h **** 
  39:Drivers/CMSIS/Include/cmsis_gcc.h **** /* CMSIS compiler specific defines */
  40:Drivers/CMSIS/Include/cmsis_gcc.h **** #ifndef   __ASM
  41:Drivers/CMSIS/Include/cmsis_gcc.h ****   #define __ASM                                  __asm
  42:Drivers/CMSIS/Include/cmsis_gcc.h **** #endif
  43:Drivers/CMSIS/Include/cmsis_gcc.h **** #ifndef   __INLINE
  44:Drivers/CMSIS/Include/cmsis_gcc.h ****   #define __INLINE                               inline
  45:Drivers/CMSIS/Include/cmsis_gcc.h **** #endif
  46:Drivers/CMSIS/Include/cmsis_gcc.h **** #ifndef   __STATIC_INLINE
  47:Drivers/CMSIS/Include/cmsis_gcc.h ****   #define __STATIC_INLINE                        static inline
  48:Drivers/CMSIS/Include/cmsis_gcc.h **** #endif
  49:Drivers/CMSIS/Include/cmsis_gcc.h **** #ifndef   __STATIC_FORCEINLINE                 
  50:Drivers/CMSIS/Include/cmsis_gcc.h ****   #define __STATIC_FORCEINLINE                   __attribute__((always_inline)) static inline
  51:Drivers/CMSIS/Include/cmsis_gcc.h **** #endif                                           
  52:Drivers/CMSIS/Include/cmsis_gcc.h **** #ifndef   __NO_RETURN
  53:Drivers/CMSIS/Include/cmsis_gcc.h ****   #define __NO_RETURN                            __attribute__((__noreturn__))
  54:Drivers/CMSIS/Include/cmsis_gcc.h **** #endif
  55:Drivers/CMSIS/Include/cmsis_gcc.h **** #ifndef   __USED
  56:Drivers/CMSIS/Include/cmsis_gcc.h ****   #define __USED                                 __attribute__((used))
  57:Drivers/CMSIS/Include/cmsis_gcc.h **** #endif
  58:Drivers/CMSIS/Include/cmsis_gcc.h **** #ifndef   __WEAK
  59:Drivers/CMSIS/Include/cmsis_gcc.h ****   #define __WEAK                                 __attribute__((weak))
  60:Drivers/CMSIS/Include/cmsis_gcc.h **** #endif
  61:Drivers/CMSIS/Include/cmsis_gcc.h **** #ifndef   __PACKED
ARM GAS  /tmp/ccELzgGL.s 			page 9


  62:Drivers/CMSIS/Include/cmsis_gcc.h ****   #define __PACKED                               __attribute__((packed, aligned(1)))
  63:Drivers/CMSIS/Include/cmsis_gcc.h **** #endif
  64:Drivers/CMSIS/Include/cmsis_gcc.h **** #ifndef   __PACKED_STRUCT
  65:Drivers/CMSIS/Include/cmsis_gcc.h ****   #define __PACKED_STRUCT                        struct __attribute__((packed, aligned(1)))
  66:Drivers/CMSIS/Include/cmsis_gcc.h **** #endif
  67:Drivers/CMSIS/Include/cmsis_gcc.h **** #ifndef   __PACKED_UNION
  68:Drivers/CMSIS/Include/cmsis_gcc.h ****   #define __PACKED_UNION                         union __attribute__((packed, aligned(1)))
  69:Drivers/CMSIS/Include/cmsis_gcc.h **** #endif
  70:Drivers/CMSIS/Include/cmsis_gcc.h **** #ifndef   __UNALIGNED_UINT32        /* deprecated */
  71:Drivers/CMSIS/Include/cmsis_gcc.h ****   #pragma GCC diagnostic push
  72:Drivers/CMSIS/Include/cmsis_gcc.h ****   #pragma GCC diagnostic ignored "-Wpacked"
  73:Drivers/CMSIS/Include/cmsis_gcc.h ****   #pragma GCC diagnostic ignored "-Wattributes"
  74:Drivers/CMSIS/Include/cmsis_gcc.h ****   struct __attribute__((packed)) T_UINT32 { uint32_t v; };
  75:Drivers/CMSIS/Include/cmsis_gcc.h ****   #pragma GCC diagnostic pop
  76:Drivers/CMSIS/Include/cmsis_gcc.h ****   #define __UNALIGNED_UINT32(x)                  (((struct T_UINT32 *)(x))->v)
  77:Drivers/CMSIS/Include/cmsis_gcc.h **** #endif
  78:Drivers/CMSIS/Include/cmsis_gcc.h **** #ifndef   __UNALIGNED_UINT16_WRITE
  79:Drivers/CMSIS/Include/cmsis_gcc.h ****   #pragma GCC diagnostic push
  80:Drivers/CMSIS/Include/cmsis_gcc.h ****   #pragma GCC diagnostic ignored "-Wpacked"
  81:Drivers/CMSIS/Include/cmsis_gcc.h ****   #pragma GCC diagnostic ignored "-Wattributes"
  82:Drivers/CMSIS/Include/cmsis_gcc.h ****   __PACKED_STRUCT T_UINT16_WRITE { uint16_t v; };
  83:Drivers/CMSIS/Include/cmsis_gcc.h ****   #pragma GCC diagnostic pop
  84:Drivers/CMSIS/Include/cmsis_gcc.h ****   #define __UNALIGNED_UINT16_WRITE(addr, val)    (void)((((struct T_UINT16_WRITE *)(void *)(addr))-
  85:Drivers/CMSIS/Include/cmsis_gcc.h **** #endif
  86:Drivers/CMSIS/Include/cmsis_gcc.h **** #ifndef   __UNALIGNED_UINT16_READ
  87:Drivers/CMSIS/Include/cmsis_gcc.h ****   #pragma GCC diagnostic push
  88:Drivers/CMSIS/Include/cmsis_gcc.h ****   #pragma GCC diagnostic ignored "-Wpacked"
  89:Drivers/CMSIS/Include/cmsis_gcc.h ****   #pragma GCC diagnostic ignored "-Wattributes"
  90:Drivers/CMSIS/Include/cmsis_gcc.h ****   __PACKED_STRUCT T_UINT16_READ { uint16_t v; };
  91:Drivers/CMSIS/Include/cmsis_gcc.h ****   #pragma GCC diagnostic pop
  92:Drivers/CMSIS/Include/cmsis_gcc.h ****   #define __UNALIGNED_UINT16_READ(addr)          (((const struct T_UINT16_READ *)(const void *)(add
  93:Drivers/CMSIS/Include/cmsis_gcc.h **** #endif
  94:Drivers/CMSIS/Include/cmsis_gcc.h **** #ifndef   __UNALIGNED_UINT32_WRITE
  95:Drivers/CMSIS/Include/cmsis_gcc.h ****   #pragma GCC diagnostic push
  96:Drivers/CMSIS/Include/cmsis_gcc.h ****   #pragma GCC diagnostic ignored "-Wpacked"
  97:Drivers/CMSIS/Include/cmsis_gcc.h ****   #pragma GCC diagnostic ignored "-Wattributes"
  98:Drivers/CMSIS/Include/cmsis_gcc.h ****   __PACKED_STRUCT T_UINT32_WRITE { uint32_t v; };
  99:Drivers/CMSIS/Include/cmsis_gcc.h ****   #pragma GCC diagnostic pop
 100:Drivers/CMSIS/Include/cmsis_gcc.h ****   #define __UNALIGNED_UINT32_WRITE(addr, val)    (void)((((struct T_UINT32_WRITE *)(void *)(addr))-
 101:Drivers/CMSIS/Include/cmsis_gcc.h **** #endif
 102:Drivers/CMSIS/Include/cmsis_gcc.h **** #ifndef   __UNALIGNED_UINT32_READ
 103:Drivers/CMSIS/Include/cmsis_gcc.h ****   #pragma GCC diagnostic push
 104:Drivers/CMSIS/Include/cmsis_gcc.h ****   #pragma GCC diagnostic ignored "-Wpacked"
 105:Drivers/CMSIS/Include/cmsis_gcc.h ****   #pragma GCC diagnostic ignored "-Wattributes"
 106:Drivers/CMSIS/Include/cmsis_gcc.h ****   __PACKED_STRUCT T_UINT32_READ { uint32_t v; };
 107:Drivers/CMSIS/Include/cmsis_gcc.h ****   #pragma GCC diagnostic pop
 108:Drivers/CMSIS/Include/cmsis_gcc.h ****   #define __UNALIGNED_UINT32_READ(addr)          (((const struct T_UINT32_READ *)(const void *)(add
 109:Drivers/CMSIS/Include/cmsis_gcc.h **** #endif
 110:Drivers/CMSIS/Include/cmsis_gcc.h **** #ifndef   __ALIGNED
 111:Drivers/CMSIS/Include/cmsis_gcc.h ****   #define __ALIGNED(x)                           __attribute__((aligned(x)))
 112:Drivers/CMSIS/Include/cmsis_gcc.h **** #endif
 113:Drivers/CMSIS/Include/cmsis_gcc.h **** #ifndef   __RESTRICT
 114:Drivers/CMSIS/Include/cmsis_gcc.h ****   #define __RESTRICT                             __restrict
 115:Drivers/CMSIS/Include/cmsis_gcc.h **** #endif
 116:Drivers/CMSIS/Include/cmsis_gcc.h **** 
 117:Drivers/CMSIS/Include/cmsis_gcc.h **** 
 118:Drivers/CMSIS/Include/cmsis_gcc.h **** /* ###########################  Core Function Access  ########################### */
ARM GAS  /tmp/ccELzgGL.s 			page 10


 119:Drivers/CMSIS/Include/cmsis_gcc.h **** /** \ingroup  CMSIS_Core_FunctionInterface
 120:Drivers/CMSIS/Include/cmsis_gcc.h ****     \defgroup CMSIS_Core_RegAccFunctions CMSIS Core Register Access Functions
 121:Drivers/CMSIS/Include/cmsis_gcc.h ****   @{
 122:Drivers/CMSIS/Include/cmsis_gcc.h ****  */
 123:Drivers/CMSIS/Include/cmsis_gcc.h **** 
 124:Drivers/CMSIS/Include/cmsis_gcc.h **** /**
 125:Drivers/CMSIS/Include/cmsis_gcc.h ****   \brief   Enable IRQ Interrupts
 126:Drivers/CMSIS/Include/cmsis_gcc.h ****   \details Enables IRQ interrupts by clearing the I-bit in the CPSR.
 127:Drivers/CMSIS/Include/cmsis_gcc.h ****            Can only be executed in Privileged modes.
 128:Drivers/CMSIS/Include/cmsis_gcc.h ****  */
 129:Drivers/CMSIS/Include/cmsis_gcc.h **** __STATIC_FORCEINLINE void __enable_irq(void)
 130:Drivers/CMSIS/Include/cmsis_gcc.h **** {
 131:Drivers/CMSIS/Include/cmsis_gcc.h ****   __ASM volatile ("cpsie i" : : : "memory");
 132:Drivers/CMSIS/Include/cmsis_gcc.h **** }
 133:Drivers/CMSIS/Include/cmsis_gcc.h **** 
 134:Drivers/CMSIS/Include/cmsis_gcc.h **** 
 135:Drivers/CMSIS/Include/cmsis_gcc.h **** /**
 136:Drivers/CMSIS/Include/cmsis_gcc.h ****   \brief   Disable IRQ Interrupts
 137:Drivers/CMSIS/Include/cmsis_gcc.h ****   \details Disables IRQ interrupts by setting the I-bit in the CPSR.
 138:Drivers/CMSIS/Include/cmsis_gcc.h ****            Can only be executed in Privileged modes.
 139:Drivers/CMSIS/Include/cmsis_gcc.h ****  */
 140:Drivers/CMSIS/Include/cmsis_gcc.h **** __STATIC_FORCEINLINE void __disable_irq(void)
 187              		.loc 2 140 27 view .LVU35
 188              	.LBB6:
 141:Drivers/CMSIS/Include/cmsis_gcc.h **** {
 142:Drivers/CMSIS/Include/cmsis_gcc.h ****   __ASM volatile ("cpsid i" : : : "memory");
 189              		.loc 2 142 3 view .LVU36
 190              		.syntax unified
 191              	@ 142 "Drivers/CMSIS/Include/cmsis_gcc.h" 1
 192 0000 72B6     		cpsid i
 193              	@ 0 "" 2
 194              		.thumb
 195              		.syntax unified
 196              	.L13:
 197              	.LBE6:
 198              	.LBE5:
 217:Core/Src/main.c ****   while (1)
 199              		.loc 1 217 3 view .LVU37
 218:Core/Src/main.c ****   {
 219:Core/Src/main.c ****   }
 200              		.loc 1 219 3 view .LVU38
 217:Core/Src/main.c ****   while (1)
 201              		.loc 1 217 9 view .LVU39
 202 0002 FEE7     		b	.L13
 203              		.cfi_endproc
 204              	.LFE70:
 206              		.section	.text.SystemClock_Config,"ax",%progbits
 207              		.align	1
 208              		.global	SystemClock_Config
 209              		.syntax unified
 210              		.thumb
 211              		.thumb_func
 213              	SystemClock_Config:
 214              	.LFB66:
 110:Core/Src/main.c ****   RCC_OscInitTypeDef RCC_OscInitStruct = {0};
 215              		.loc 1 110 1 view -0
 216              		.cfi_startproc
ARM GAS  /tmp/ccELzgGL.s 			page 11


 217              		@ args = 0, pretend = 0, frame = 64
 218              		@ frame_needed = 0, uses_anonymous_args = 0
 219 0000 00B5     		push	{lr}
 220              	.LCFI3:
 221              		.cfi_def_cfa_offset 4
 222              		.cfi_offset 14, -4
 223 0002 91B0     		sub	sp, sp, #68
 224              	.LCFI4:
 225              		.cfi_def_cfa_offset 72
 111:Core/Src/main.c ****   RCC_ClkInitTypeDef RCC_ClkInitStruct = {0};
 226              		.loc 1 111 3 view .LVU41
 111:Core/Src/main.c ****   RCC_ClkInitTypeDef RCC_ClkInitStruct = {0};
 227              		.loc 1 111 22 is_stmt 0 view .LVU42
 228 0004 2822     		movs	r2, #40
 229 0006 0021     		movs	r1, #0
 230 0008 06A8     		add	r0, sp, #24
 231 000a FFF7FEFF 		bl	memset
 232              	.LVL3:
 112:Core/Src/main.c **** 
 233              		.loc 1 112 3 is_stmt 1 view .LVU43
 112:Core/Src/main.c **** 
 234              		.loc 1 112 22 is_stmt 0 view .LVU44
 235 000e 0023     		movs	r3, #0
 236 0010 0193     		str	r3, [sp, #4]
 237 0012 0293     		str	r3, [sp, #8]
 238 0014 0393     		str	r3, [sp, #12]
 239 0016 0493     		str	r3, [sp, #16]
 240 0018 0593     		str	r3, [sp, #20]
 117:Core/Src/main.c ****   RCC_OscInitStruct.HSIState = RCC_HSI_ON;
 241              		.loc 1 117 3 is_stmt 1 view .LVU45
 117:Core/Src/main.c ****   RCC_OscInitStruct.HSIState = RCC_HSI_ON;
 242              		.loc 1 117 36 is_stmt 0 view .LVU46
 243 001a 0223     		movs	r3, #2
 244 001c 0693     		str	r3, [sp, #24]
 118:Core/Src/main.c ****   RCC_OscInitStruct.HSICalibrationValue = RCC_HSICALIBRATION_DEFAULT;
 245              		.loc 1 118 3 is_stmt 1 view .LVU47
 118:Core/Src/main.c ****   RCC_OscInitStruct.HSICalibrationValue = RCC_HSICALIBRATION_DEFAULT;
 246              		.loc 1 118 30 is_stmt 0 view .LVU48
 247 001e 0122     		movs	r2, #1
 248 0020 0A92     		str	r2, [sp, #40]
 119:Core/Src/main.c ****   RCC_OscInitStruct.PLL.PLLState = RCC_PLL_ON;
 249              		.loc 1 119 3 is_stmt 1 view .LVU49
 119:Core/Src/main.c ****   RCC_OscInitStruct.PLL.PLLState = RCC_PLL_ON;
 250              		.loc 1 119 41 is_stmt 0 view .LVU50
 251 0022 1022     		movs	r2, #16
 252 0024 0B92     		str	r2, [sp, #44]
 120:Core/Src/main.c ****   RCC_OscInitStruct.PLL.PLLSource = RCC_PLLSOURCE_HSI_DIV2;
 253              		.loc 1 120 3 is_stmt 1 view .LVU51
 120:Core/Src/main.c ****   RCC_OscInitStruct.PLL.PLLSource = RCC_PLLSOURCE_HSI_DIV2;
 254              		.loc 1 120 34 is_stmt 0 view .LVU52
 255 0026 0D93     		str	r3, [sp, #52]
 121:Core/Src/main.c ****   RCC_OscInitStruct.PLL.PLLMUL = RCC_PLL_MUL4;
 256              		.loc 1 121 3 is_stmt 1 view .LVU53
 122:Core/Src/main.c ****   if (HAL_RCC_OscConfig(&RCC_OscInitStruct) != HAL_OK)
 257              		.loc 1 122 3 view .LVU54
 122:Core/Src/main.c ****   if (HAL_RCC_OscConfig(&RCC_OscInitStruct) != HAL_OK)
 258              		.loc 1 122 32 is_stmt 0 view .LVU55
ARM GAS  /tmp/ccELzgGL.s 			page 12


 259 0028 4FF40023 		mov	r3, #524288
 260 002c 0F93     		str	r3, [sp, #60]
 123:Core/Src/main.c ****   {
 261              		.loc 1 123 3 is_stmt 1 view .LVU56
 123:Core/Src/main.c ****   {
 262              		.loc 1 123 7 is_stmt 0 view .LVU57
 263 002e 06A8     		add	r0, sp, #24
 264 0030 FFF7FEFF 		bl	HAL_RCC_OscConfig
 265              	.LVL4:
 123:Core/Src/main.c ****   {
 266              		.loc 1 123 6 discriminator 1 view .LVU58
 267 0034 70B9     		cbnz	r0, .L18
 130:Core/Src/main.c ****                               |RCC_CLOCKTYPE_PCLK1|RCC_CLOCKTYPE_PCLK2;
 268              		.loc 1 130 3 is_stmt 1 view .LVU59
 130:Core/Src/main.c ****                               |RCC_CLOCKTYPE_PCLK1|RCC_CLOCKTYPE_PCLK2;
 269              		.loc 1 130 31 is_stmt 0 view .LVU60
 270 0036 0F23     		movs	r3, #15
 271 0038 0193     		str	r3, [sp, #4]
 132:Core/Src/main.c ****   RCC_ClkInitStruct.AHBCLKDivider = RCC_SYSCLK_DIV1;
 272              		.loc 1 132 3 is_stmt 1 view .LVU61
 132:Core/Src/main.c ****   RCC_ClkInitStruct.AHBCLKDivider = RCC_SYSCLK_DIV1;
 273              		.loc 1 132 34 is_stmt 0 view .LVU62
 274 003a 0223     		movs	r3, #2
 275 003c 0293     		str	r3, [sp, #8]
 133:Core/Src/main.c ****   RCC_ClkInitStruct.APB1CLKDivider = RCC_HCLK_DIV1;
 276              		.loc 1 133 3 is_stmt 1 view .LVU63
 133:Core/Src/main.c ****   RCC_ClkInitStruct.APB1CLKDivider = RCC_HCLK_DIV1;
 277              		.loc 1 133 35 is_stmt 0 view .LVU64
 278 003e 0021     		movs	r1, #0
 279 0040 0391     		str	r1, [sp, #12]
 134:Core/Src/main.c ****   RCC_ClkInitStruct.APB2CLKDivider = RCC_HCLK_DIV1;
 280              		.loc 1 134 3 is_stmt 1 view .LVU65
 134:Core/Src/main.c ****   RCC_ClkInitStruct.APB2CLKDivider = RCC_HCLK_DIV1;
 281              		.loc 1 134 36 is_stmt 0 view .LVU66
 282 0042 0491     		str	r1, [sp, #16]
 135:Core/Src/main.c **** 
 283              		.loc 1 135 3 is_stmt 1 view .LVU67
 135:Core/Src/main.c **** 
 284              		.loc 1 135 36 is_stmt 0 view .LVU68
 285 0044 0591     		str	r1, [sp, #20]
 137:Core/Src/main.c ****   {
 286              		.loc 1 137 3 is_stmt 1 view .LVU69
 137:Core/Src/main.c ****   {
 287              		.loc 1 137 7 is_stmt 0 view .LVU70
 288 0046 01A8     		add	r0, sp, #4
 289 0048 FFF7FEFF 		bl	HAL_RCC_ClockConfig
 290              	.LVL5:
 137:Core/Src/main.c ****   {
 291              		.loc 1 137 6 discriminator 1 view .LVU71
 292 004c 20B9     		cbnz	r0, .L19
 141:Core/Src/main.c **** 
 293              		.loc 1 141 1 view .LVU72
 294 004e 11B0     		add	sp, sp, #68
 295              	.LCFI5:
 296              		.cfi_remember_state
 297              		.cfi_def_cfa_offset 4
 298              		@ sp needed
ARM GAS  /tmp/ccELzgGL.s 			page 13


 299 0050 5DF804FB 		ldr	pc, [sp], #4
 300              	.L18:
 301              	.LCFI6:
 302              		.cfi_restore_state
 125:Core/Src/main.c ****   }
 303              		.loc 1 125 5 is_stmt 1 view .LVU73
 304 0054 FFF7FEFF 		bl	Error_Handler
 305              	.LVL6:
 306              	.L19:
 139:Core/Src/main.c ****   }
 307              		.loc 1 139 5 view .LVU74
 308 0058 FFF7FEFF 		bl	Error_Handler
 309              	.LVL7:
 310              		.cfi_endproc
 311              	.LFE66:
 313              		.global	__aeabi_d2f
 314              		.section	.text.main,"ax",%progbits
 315              		.align	1
 316              		.global	main
 317              		.syntax unified
 318              		.thumb
 319              		.thumb_func
 321              	main:
 322              	.LFB65:
  66:Core/Src/main.c **** 
 323              		.loc 1 66 1 view -0
 324              		.cfi_startproc
 325              		@ Volatile: function does not return.
 326              		@ args = 0, pretend = 0, frame = 0
 327              		@ frame_needed = 0, uses_anonymous_args = 0
 328 0000 08B5     		push	{r3, lr}
 329              	.LCFI7:
 330              		.cfi_def_cfa_offset 8
 331              		.cfi_offset 3, -8
 332              		.cfi_offset 14, -4
  69:Core/Src/main.c ****   /* USER CODE END 1 */
 333              		.loc 1 69 3 view .LVU76
 334 0002 FFF7FEFF 		bl	DWT_Init
 335              	.LVL8:
  75:Core/Src/main.c **** 
 336              		.loc 1 75 3 view .LVU77
 337 0006 FFF7FEFF 		bl	HAL_Init
 338              	.LVL9:
  82:Core/Src/main.c **** 
 339              		.loc 1 82 3 view .LVU78
 340 000a FFF7FEFF 		bl	SystemClock_Config
 341              	.LVL10:
  89:Core/Src/main.c ****   /* USER CODE BEGIN 2 */
 342              		.loc 1 89 3 view .LVU79
 343 000e FFF7FEFF 		bl	MX_GPIO_Init
 344              	.LVL11:
 345              	.L21:
  96:Core/Src/main.c ****   {
 346              		.loc 1 96 3 view .LVU80
  99:Core/Src/main.c ****     /* USER CODE BEGIN 3 */
 347              		.loc 1 99 5 discriminator 1 view .LVU81
  99:Core/Src/main.c ****     /* USER CODE BEGIN 3 */
ARM GAS  /tmp/ccELzgGL.s 			page 14


 348              		.loc 1 99 15 is_stmt 0 discriminator 1 view .LVU82
 349 0012 FFF7FEFF 		bl	getLastResetTime
 350              	.LVL12:
 351 0016 FFF7FEFF 		bl	__aeabi_d2f
 352              	.LVL13:
  99:Core/Src/main.c ****     /* USER CODE BEGIN 3 */
 353              		.loc 1 99 13 discriminator 1 view .LVU83
 354 001a 014B     		ldr	r3, .L23
 355 001c 1860     		str	r0, [r3]	@ float
  96:Core/Src/main.c ****   {
 356              		.loc 1 96 9 is_stmt 1 view .LVU84
 357 001e F8E7     		b	.L21
 358              	.L24:
 359              		.align	2
 360              	.L23:
 361 0020 00000000 		.word	debug_t
 362              		.cfi_endproc
 363              	.LFE65:
 365              		.section	.bss.totalCYCCNT.0,"aw",%nobits
 366              		.align	2
 369              	totalCYCCNT.0:
 370 0000 00000000 		.space	4
 371              		.section	.bss.lastCYCCNT.1,"aw",%nobits
 372              		.align	2
 375              	lastCYCCNT.1:
 376 0000 00000000 		.space	4
 377              		.global	debug_t
 378              		.section	.bss.debug_t,"aw",%nobits
 379              		.align	2
 382              	debug_t:
 383 0000 00000000 		.space	4
 384              		.text
 385              	.Letext0:
 386              		.file 3 "/home/cannon/.local/opt/arm-gnu-toolchain-13.2.Rel1-x86_64-arm-none-eabi/arm-none-eabi/in
 387              		.file 4 "/home/cannon/.local/opt/arm-gnu-toolchain-13.2.Rel1-x86_64-arm-none-eabi/arm-none-eabi/in
 388              		.file 5 "Drivers/CMSIS/Include/core_cm3.h"
 389              		.file 6 "Drivers/CMSIS/Device/ST/STM32F1xx/Include/stm32f103xb.h"
 390              		.file 7 "Drivers/STM32F1xx_HAL_Driver/Inc/stm32f1xx_hal_def.h"
 391              		.file 8 "Drivers/STM32F1xx_HAL_Driver/Inc/stm32f1xx_hal_rcc.h"
 392              		.file 9 "Drivers/STM32F1xx_HAL_Driver/Inc/stm32f1xx_hal_rcc_ex.h"
 393              		.file 10 "Drivers/STM32F1xx_HAL_Driver/Inc/stm32f1xx_hal.h"
 394              		.file 11 "<built-in>"
ARM GAS  /tmp/ccELzgGL.s 			page 15


DEFINED SYMBOLS
                            *ABS*:00000000 main.c
     /tmp/ccELzgGL.s:19     .text.MX_GPIO_Init:00000000 $t
     /tmp/ccELzgGL.s:24     .text.MX_GPIO_Init:00000000 MX_GPIO_Init
     /tmp/ccELzgGL.s:59     .text.MX_GPIO_Init:0000001c $d
     /tmp/ccELzgGL.s:64     .text.DWT_Init:00000000 $t
     /tmp/ccELzgGL.s:70     .text.DWT_Init:00000000 DWT_Init
     /tmp/ccELzgGL.s:100    .text.DWT_Init:00000020 $d
     /tmp/ccELzgGL.s:108    .text.getLastResetTime:00000000 $t
     /tmp/ccELzgGL.s:114    .text.getLastResetTime:00000000 getLastResetTime
     /tmp/ccELzgGL.s:160    .text.getLastResetTime:00000028 $d
     /tmp/ccELzgGL.s:375    .bss.lastCYCCNT.1:00000000 lastCYCCNT.1
     /tmp/ccELzgGL.s:369    .bss.totalCYCCNT.0:00000000 totalCYCCNT.0
     /tmp/ccELzgGL.s:169    .text.Error_Handler:00000000 $t
     /tmp/ccELzgGL.s:175    .text.Error_Handler:00000000 Error_Handler
     /tmp/ccELzgGL.s:207    .text.SystemClock_Config:00000000 $t
     /tmp/ccELzgGL.s:213    .text.SystemClock_Config:00000000 SystemClock_Config
     /tmp/ccELzgGL.s:315    .text.main:00000000 $t
     /tmp/ccELzgGL.s:321    .text.main:00000000 main
     /tmp/ccELzgGL.s:361    .text.main:00000020 $d
     /tmp/ccELzgGL.s:382    .bss.debug_t:00000000 debug_t
     /tmp/ccELzgGL.s:366    .bss.totalCYCCNT.0:00000000 $d
     /tmp/ccELzgGL.s:372    .bss.lastCYCCNT.1:00000000 $d
     /tmp/ccELzgGL.s:379    .bss.debug_t:00000000 $d

UNDEFINED SYMBOLS
__aeabi_ui2d
__aeabi_ddiv
memset
HAL_RCC_OscConfig
HAL_RCC_ClockConfig
__aeabi_d2f
HAL_Init
